Title: etherchannel using LACP
Objective: set up etherchannel on a switch to carry multiple vlans on ports f0/1 and f0/2.

Task: f0/1 and /2 should be trunked using 802.1q encapsulation, and then should be port channelled using LACP.

S1(config)#int range f0/1-2
S1(config-if-range)#switchport mode trunk
S1(config-if-range)#switchport trunk encapsulation dot1q
S1(config-if-range)#channel-group 1 mode active
Creating a port-channel interface Port-channel 1
%LINEPROTO-5-UPDOWN: Line protocol on Interface FastEthernet0/1, changed state to down
%LINEPROTO-5-UPDOWN: Line protocol on Interface FastEthernet0/1, changed state to up
%LINEPROTO-5-UPDOWN: Line protocol on Interface FastEthernet0/2, changed state to down
%LINEPROTO-5-UPDOWN: Line protocol on Interface FastEthernet0/2, changed state to up
S1(config-if-range)#exit

Task: Set this up as a trunk, using the right encapsulation!
S1(config)#int port-channel 1
S1(config-if)#switchport mode trunk
S1(config-if)#switchport trunk encapsulation dot1q
%LINEPROTO-5-UPDOWN: Line protocol on Interface FastEthernet0/2, changed state to down
%LINEPROTO-5-UPDOWN: Line protocol on Interface FastEthernet0/2, changed state to up
S1(config-if)#exit
S1(config)#exit

Note: do the same thing on the other side.  Note that the speed, duplex, and VLAN must match!


Task: get a listing of all etherchannels and assigned ports.

S1#show etherchannel summary 
Flags:  D - down        P - in port-channel
        I - stand-alone s - suspended
        H - Hot-standby (LACP only)
        R - Layer3      S - Layer2
        U - in use      f - failed to allocate aggregator
        u - unsuitable for bundling
        w - waiting to be aggregated
        d - default port

Number of channel-groups in use: 1
Number of aggregators:           1

Group  Port-channel  Protocol    Ports
------+-------------+-----------+----------------------------------------------

1      Po1(SU)           LACP   Fa0/1(P) Fa0/2(P)


The other command you could use:
show etherchannel port-channel

Task: check the load balancing you're using!

S1#show etherchannel load-balance 
EtherChannel Load-Balancing Operational State (src-mac):
Non-IP: Source MAC address
  IPv4: Source MAC address
  IPv6: Source MAC address

Task: Change the load balancing algorithm to use src-dst-mac

S1#config t
Enter configuration commands, one per line.  End with CNTL/Z.
S1(config)#port-channel load-balance src-dst-mac
S1(config)#exit


Complete: Done! But don't forget to do the other side!!
