Objective: show stuff!

Task: show address and IP, MTU, reliability, hardware on int f0/0

R1#show int f0/0
FastEthernet0/0 is up, line protocol is up (connected)
  Hardware is Lance, address is 0009.7c42.b801 (bia 0009.7c42.b801)
  Internet address is 192.168.1.254/24
  MTU 1500 bytes, BW 100000 Kbit, DLY 100 usec,
     reliability 255/255, txload 1/255, rxload 1/255
...

Task: show access lists on f0/0

R1# show ip int f0/0
FastEthernet0/0 is up, line protocol is up (connected)
  Internet address is 192.168.1.254/24
  Broadcast address is 255.255.255.255
  Address determined by setup command
  MTU is 1500 bytes
  Helper address is not set
  Directed broadcast forwarding is disabled
  Outgoing access list is not set
  Inbound  access list is not set
  ...


Task: show collisions, buffer overflows, giants, runts on int f0/0
R1#show int f0/0
FastEthernet0/0 is up, line protocol is up (connected)
...
    31 packets input, 2633 bytes, 0 no buffer
     Received 0 broadcasts, 0 runts, 0 giants, 0 throttles
     0 input errors, 0 CRC, 0 frame, 0 overrun, 0 ignored, 0 abort
     0 input packets with dribble condition detected
     3591 packets output, 401310 bytes, 0 underruns
     0 output errors, 0 collisions, 1 interface resets
     0 babbles, 0 late collision, 0 deferred
     0 lost carrier, 0 no carrier
     0 output buffer failures, 0 output buffers swapped out


Task: show encapsulation, DLCI on s0/0/0
R1#show int s0/0/0
Serial0/0/0 is up, line protocol is up (connected)
  Hardware is HD64570
  MTU 1500 bytes, BW 1544 Kbit, DLY 20000 usec,
     reliability 255/255, txload 1/255, rxload 1/255
  Encapsulation Frame Relay, loopback not set, keepalive set (10 sec)
  LMI enq sent  9209, LMI stat recvd 9208, LMI upd recvd 0, DTE LMI up
  LMI enq recvd 0, LMI stat sent  0, LMI upd sent  0
  LMI DLCI 1023  LMI type is CISCO  frame relay DTE
  ...


Task: get a summary of all controllers, with IPs and mask.

R1#show protocols
Global values:
  Internet Protocol routing is enabled
FastEthernet0/0 is up, line protocol is up
  Internet address is 192.168.1.254/24
FastEthernet0/1 is administratively down, line protocol is down
Serial0/0/0 is up, line protocol is up
Serial0/0/0.102 is up, line protocol is up
  Internet address is 10.1.1.1/30
...


Task: find out if s0/0/0 is a DTE or DCE.

R1#show controllers s0/0/0
Interface Serial0/0/0
Hardware is PowerQUICC MPC860
DTE V.35 TX and RX clocks detected
idb at 0x81081AC4, driver data structure at 0x81084AC0
SCC Registers:
...


